

==================================================================================
=== CALIBRE::DRC-F SUMMARY REPORT
===
Execution Date/Time:       Tue Aug 26 17:30:28 2025
Calibre Version:           v2022.4_37.20    Fri Dec 2 17:41:13 PST 2022
Rule File Pathname:        _DRC.rules_
Rule File Title:           SCL DRC  Check ver.00_00_01
Layout System:             GDS
Layout Path(s):            C2S0110.gds
Layout Primary Cell:       C2S0110
Current Directory:         /home/CHIPS/Music/PROJECTS/MAC/verification/drc
User Name:                 CHIPS
Maximum Results/RuleCheck: ALL
Maximum Result Vertices:   4294967294
DRC Results Database:      C2S0110_26082025_v4_drc.rpt (ASCII)
Layout Depth:              ALL
Text Depth:                PRIMARY
Summary Report File:       C2S0110_26082025_v4_drc.summary (REPLACE)
Geometry Flagging:         ACUTE = YES  SKEW = YES  ANGLED = NO  OFFGRID = YES
                           NONSIMPLE POLYGON = NO  NONSIMPLE PATH = NO
Excluded Cells:           
CheckText Mapping:         COMMENT TEXT + RULE FILE INFORMATION
Layers:                    MEMORY-BASED
Keep Empty Checks:         NO
----------------------------------------------------------------------------------
--- RUNTIME WARNINGS
---
ACUTE angle on layer AAi at location (254.67,249.8) in cell subil_midconer2.
ACUTE angle on layer AAi at location (248.97,242.18) in cell subil_midconer2.
ACUTE angle on layer AAi at location (246.54,239.88) in cell subil_midconer2.
ACUTE angle on layer AAi at location (249.8,254.67) in cell subil_midconer2.
ACUTE angle on layer AAi at location (242.18,248.97) in cell subil_midconer2.
ACUTE angle on layer AAi at location (239.88,246.54) in cell subil_midconer2.
ACUTE angle on layer AAi at location (1748.2,254.67) in cell subil_midconer2.
ACUTE angle on layer AAi at location (1755.82,248.97) in cell subil_midconer2.
ACUTE angle on layer AAi at location (1758.12,246.54) in cell subil_midconer2.
ACUTE angle on layer AAi at location (1743.33,249.8) in cell subil_midconer2.
ACUTE angle on layer AAi at location (1749.03,242.18) in cell subil_midconer2.
ACUTE angle on layer AAi at location (1751.46,239.88) in cell subil_midconer2.
ACUTE angle on layer AAi at location (249.8,1743.33) in cell subil_midconer2.
ACUTE angle on layer AAi at location (242.18,1749.03) in cell subil_midconer2.
ACUTE angle on layer AAi at location (239.88,1751.46) in cell subil_midconer2.
ACUTE angle on layer AAi at location (254.67,1748.2) in cell subil_midconer2.
ACUTE angle on layer AAi at location (248.97,1755.82) in cell subil_midconer2.
ACUTE angle on layer AAi at location (246.54,1758.12) in cell subil_midconer2.
ACUTE angle on layer AAi at location (1743.33,1748.2) in cell subil_midconer2.
ACUTE angle on layer AAi at location (1749.03,1755.82) in cell subil_midconer2.
ACUTE angle on layer AAi at location (1751.46,1758.12) in cell subil_midconer2.
ACUTE angle on layer AAi at location (1748.2,1743.33) in cell subil_midconer2.
ACUTE angle on layer AAi at location (1755.82,1749.03) in cell subil_midconer2.
ACUTE angle on layer AAi at location (1758.12,1751.46) in cell subil_midconer2.
ACUTE angle on layer M1i at location (318.245,656.03) in cell char_l0.
SKEW edge on layer M1i from location (322.745,651.11) to location (319.475,655.595) in cell char_l0.
SKEW edge on layer M1i from location (318.245,656.03) to location (321.505,651.55) in cell char_l0.
ACUTE angle on layer M1i at location (318.245,622.05) in cell char_l0.
SKEW edge on layer M1i from location (322.745,617.13) to location (319.475,621.615) in cell char_l0.
SKEW edge on layer M1i from location (318.245,622.05) to location (321.505,617.57) in cell char_l0.
ACUTE angle on layer M2i at location (113.58,1144.89) in cell subil_pngatebuff.
ACUTE angle on layer M2i at location (113.58,1146.49) in cell subil_pngatebuff.
ACUTE angle on layer M2i at location (113.58,1135.45) in cell subil_pngatebuff.
ACUTE angle on layer M2i at location (113.58,1137.05) in cell subil_pngatebuff.
ACUTE angle on layer M2i at location (113.58,1126.01) in cell subil_pngatebuff.
ACUTE angle on layer M2i at location (113.58,1127.61) in cell subil_pngatebuff.
ACUTE angle on layer M2i at location (113.58,1116.57) in cell subil_pngatebuff.
ACUTE angle on layer M2i at location (113.58,1118.17) in cell subil_pngatebuff.
ACUTE angle on layer M2i at location (113.58,1107.13) in cell subil_pngatebuff.
ACUTE angle on layer M2i at location (113.58,1108.73) in cell subil_pngatebuff.
ACUTE angle on layer M2i at location (113.58,1097.69) in cell subil_pngatebuff.
ACUTE angle on layer M2i at location (113.58,1099.29) in cell subil_pngatebuff.
ACUTE angle on layer M2i at location (113.58,1236.09) in cell subil_pngatebuff.
ACUTE angle on layer M2i at location (113.58,1237.69) in cell subil_pngatebuff.
ACUTE angle on layer M2i at location (113.58,1226.65) in cell subil_pngatebuff.
ACUTE angle on layer M2i at location (113.58,1228.25) in cell subil_pngatebuff.
ACUTE angle on layer M2i at location (113.58,1217.21) in cell subil_pngatebuff.
ACUTE angle on layer M2i at location (113.58,1218.81) in cell subil_pngatebuff.
ACUTE angle on layer M2i at location (113.58,1207.77) in cell subil_pngatebuff.
ACUTE angle on layer M2i at location (113.58,1209.37) in cell subil_pngatebuff.
ACUTE angle on layer M2i at location (113.58,1198.33) in cell subil_pngatebuff.
ACUTE angle on layer M2i at location (113.58,1199.93) in cell subil_pngatebuff.
ACUTE angle on layer M2i at location (113.58,1188.89) in cell subil_pngatebuff.
ACUTE angle on layer M2i at location (113.58,1190.49) in cell subil_pngatebuff.
ACUTE angle on layer M2i at location (113.58,872.49) in cell subil_pngatebuff.
ACUTE angle on layer M2i at location (113.58,874.09) in cell subil_pngatebuff.
ACUTE angle on layer M2i at location (113.58,863.05) in cell subil_pngatebuff.
ACUTE angle on layer M2i at location (113.58,864.65) in cell subil_pngatebuff.
ACUTE angle on layer M2i at location (113.58,853.61) in cell subil_pngatebuff.
ACUTE angle on layer M2i at location (113.58,855.21) in cell subil_pngatebuff.
ACUTE angle on layer M2i at location (113.58,844.17) in cell subil_pngatebuff.
ACUTE angle on layer M2i at location (113.58,845.77) in cell subil_pngatebuff.
ACUTE angle on layer M2i at location (113.58,834.73) in cell subil_pngatebuff.
ACUTE angle on layer M2i at location (113.58,836.33) in cell subil_pngatebuff.
ACUTE angle on layer M2i at location (113.58,825.29) in cell subil_pngatebuff.
ACUTE angle on layer M2i at location (113.58,826.89) in cell subil_pngatebuff.
ACUTE angle on layer M2i at location (113.58,963.69) in cell subil_pngatebuff.
ACUTE angle on layer M2i at location (113.58,965.29) in cell subil_pngatebuff.
ACUTE angle on layer M2i at location (113.58,954.25) in cell subil_pngatebuff.
ACUTE angle on layer M2i at location (113.58,955.85) in cell subil_pngatebuff.
ACUTE angle on layer M2i at location (113.58,944.81) in cell subil_pngatebuff.
ACUTE angle on layer M2i at location (113.58,946.41) in cell subil_pngatebuff.
ACUTE angle on layer M2i at location (113.58,935.37) in cell subil_pngatebuff.
ACUTE angle on layer M2i at location (113.58,936.97) in cell subil_pngatebuff.
ACUTE angle on layer M2i at location (113.58,925.93) in cell subil_pngatebuff.
ACUTE angle on layer M2i at location (113.58,927.53) in cell subil_pngatebuff.
ACUTE angle on layer M2i at location (113.58,916.49) in cell subil_pngatebuff.
ACUTE angle on layer M2i at location (113.58,918.09) in cell subil_pngatebuff.
ACUTE angle on layer M2i at location (113.58,1686.09) in cell subil_pngatebuff.
ACUTE angle on layer M2i at location (113.58,1687.69) in cell subil_pngatebuff.
ACUTE angle on layer M2i at location (113.58,1676.65) in cell subil_pngatebuff.
ACUTE angle on layer M2i at location (113.58,1678.25) in cell subil_pngatebuff.
ACUTE angle on layer M2i at location (113.58,1667.21) in cell subil_pngatebuff.
ACUTE angle on layer M2i at location (113.58,1668.81) in cell subil_pngatebuff.
ACUTE angle on layer M2i at location (113.58,1657.77) in cell subil_pngatebuff.
ACUTE angle on layer M2i at location (113.58,1659.37) in cell subil_pngatebuff.
ACUTE angle on layer M2i at location (113.58,1648.33) in cell subil_pngatebuff.
ACUTE angle on layer M2i at location (113.58,1649.93) in cell subil_pngatebuff.
ACUTE angle on layer M2i at location (113.58,1638.89) in cell subil_pngatebuff.
ACUTE angle on layer M2i at location (113.58,1640.49) in cell subil_pngatebuff.
ACUTE angle on layer M2i at location (113.58,1596.09) in cell subil_pngatebuff.
ACUTE angle on layer M2i at location (113.58,1597.69) in cell subil_pngatebuff.
ACUTE angle on layer M2i at location (113.58,1586.65) in cell subil_pngatebuff.
ACUTE angle on layer M2i at location (113.58,1588.25) in cell subil_pngatebuff.
ACUTE angle on layer M2i at location (113.58,1577.21) in cell subil_pngatebuff.
ACUTE angle on layer M2i at location (113.58,1578.81) in cell subil_pngatebuff.
ACUTE angle on layer M2i at location (113.58,1567.77) in cell subil_pngatebuff.
ACUTE angle on layer M2i at location (113.58,1569.37) in cell subil_pngatebuff.
ACUTE angle on layer M2i at location (113.58,1558.33) in cell subil_pngatebuff.
ACUTE angle on layer M2i at location (113.58,1559.93) in cell subil_pngatebuff.
ACUTE angle on layer M2i at location (113.58,1548.89) in cell subil_pngatebuff.
ACUTE angle on layer M2i at location (113.58,1550.49) in cell subil_pngatebuff.
ACUTE angle on layer M2i at location (113.58,1506.09) in cell subil_pngatebuff.
ACUTE angle on layer M2i at location (113.58,1507.69) in cell subil_pngatebuff.
Maximum ACUTE angle warning count of 100 has been reached.
SKEW edge on layer M2i from location (322.745,651.11) to location (319.475,655.595) in cell char_l0.
SKEW edge on layer M2i from location (318.245,656.03) to location (321.505,651.55) in cell char_l0.
SKEW edge on layer M2i from location (322.745,617.13) to location (319.475,621.615) in cell char_l0.
SKEW edge on layer M2i from location (318.245,622.05) to location (321.505,617.57) in cell char_l0.
SKEW edge on layer M3i from location (322.745,651.11) to location (319.475,655.595) in cell char_l0.
SKEW edge on layer M3i from location (318.245,656.03) to location (321.505,651.55) in cell char_l0.
SKEW edge on layer M3i from location (322.745,617.13) to location (319.475,621.615) in cell char_l0.
SKEW edge on layer M3i from location (318.245,622.05) to location (321.505,617.57) in cell char_l0.
SKEW edge on layer MTOPi from location (322.745,651.11) to location (319.475,655.595) in cell char_l0.
SKEW edge on layer MTOPi from location (318.245,656.03) to location (321.505,651.55) in cell char_l0.
SKEW edge on layer MTOPi from location (322.745,617.13) to location (319.475,621.615) in cell char_l0.
SKEW edge on layer MTOPi from location (318.245,622.05) to location (321.505,617.57) in cell char_l0.
----------------------------------------------------------------------------------
--- ORIGINAL LAYER STATISTICS
---
LAYER DEV_ext ......... TOTAL Original Geometry Count = 2
LAYER WNi ............. TOTAL Original Geometry Count = 71192
LAYER WN_drci ......... TOTAL Original Geometry Count = 0
LAYER WN_lvsi ......... TOTAL Original Geometry Count = 0
LAYER WNopci .......... TOTAL Original Geometry Count = 0
LAYER WN_dioi ......... TOTAL Original Geometry Count = 0
LAYER WN_vssi ......... TOTAL Original Geometry Count = 68
LAYER WBi ............. TOTAL Original Geometry Count = 1
LAYER GCi ............. TOTAL Original Geometry Count = 88579
LAYER GCDi ............ TOTAL Original Geometry Count = 20952
LAYER GC_pini ......... TOTAL Original Geometry Count = 0
LAYER GC_neti ......... TOTAL Original Geometry Count = 0
LAYER GCopci .......... TOTAL Original Geometry Count = 0
LAYER GC_nodummyi ..... TOTAL Original Geometry Count = 0
LAYER GC_pki .......... TOTAL Original Geometry Count = 0
LAYER DEV_resi ........ TOTAL Original Geometry Count = 469
LAYER AAi ............. TOTAL Original Geometry Count = 151744
LAYER AADi ............ TOTAL Original Geometry Count = 50947
LAYER AA_nodummyi ..... TOTAL Original Geometry Count = 2
LAYER CNHi ............ TOTAL Original Geometry Count = 1
LAYER VNNi ............ TOTAL Original Geometry Count = 0
LAYER XPi ............. TOTAL Original Geometry Count = 140757
LAYER XNi ............. TOTAL Original Geometry Count = 140668
LAYER CSi ............. TOTAL Original Geometry Count = 981925
LAYER CS_lvsi ......... TOTAL Original Geometry Count = 0
LAYER M1slitsi ........ TOTAL Original Geometry Count = 0
LAYER M1i ............. TOTAL Original Geometry Count = 364306
LAYER M1Di ............ TOTAL Original Geometry Count = 11252
LAYER M1_pini ......... TOTAL Original Geometry Count = 0
LAYER M1_neti ......... TOTAL Original Geometry Count = 0
LAYER M1opci .......... TOTAL Original Geometry Count = 0
LAYER M1_nodummyi ..... TOTAL Original Geometry Count = 0
LAYER M1_vssi ......... TOTAL Original Geometry Count = 0
LAYER M1_res1i ........ TOTAL Original Geometry Count = 0
LAYER M1_pki .......... TOTAL Original Geometry Count = 0
LAYER V2i ............. TOTAL Original Geometry Count = 677887
LAYER V2_lvsi ......... TOTAL Original Geometry Count = 0
LAYER V2_pki .......... TOTAL Original Geometry Count = 0
LAYER M2slitsi ........ TOTAL Original Geometry Count = 0
LAYER M2i ............. TOTAL Original Geometry Count = 189985
LAYER M2Di ............ TOTAL Original Geometry Count = 9739
LAYER M2_pini ......... TOTAL Original Geometry Count = 0
LAYER M2_neti ......... TOTAL Original Geometry Count = 0
LAYER M2opci .......... TOTAL Original Geometry Count = 0
LAYER M2_nodummyi ..... TOTAL Original Geometry Count = 0
LAYER M2_vssi ......... TOTAL Original Geometry Count = 0
LAYER M2_res1i ........ TOTAL Original Geometry Count = 0
LAYER M2_pki .......... TOTAL Original Geometry Count = 0
LAYER V3i ............. TOTAL Original Geometry Count = 561827
LAYER V3_pki .......... TOTAL Original Geometry Count = 0
LAYER M3slitsi ........ TOTAL Original Geometry Count = 0
LAYER M3i ............. TOTAL Original Geometry Count = 61192
LAYER M3Di ............ TOTAL Original Geometry Count = 8982
LAYER M3_pini ......... TOTAL Original Geometry Count = 0
LAYER M3_neti ......... TOTAL Original Geometry Count = 0
LAYER M3opci .......... TOTAL Original Geometry Count = 0
LAYER M3_nodummyi ..... TOTAL Original Geometry Count = 0
LAYER M3_vssi ......... TOTAL Original Geometry Count = 0
LAYER CUT3_opti ....... TOTAL Original Geometry Count = 0
LAYER M3_pki .......... TOTAL Original Geometry Count = 0
LAYER V4i ............. TOTAL Original Geometry Count = 0
LAYER V4_pki .......... TOTAL Original Geometry Count = 0
LAYER M4slitsi ........ TOTAL Original Geometry Count = 0
LAYER M4i ............. TOTAL Original Geometry Count = 0
LAYER M4Di ............ TOTAL Original Geometry Count = 0
LAYER M4_pini ......... TOTAL Original Geometry Count = 0
LAYER M4_neti ......... TOTAL Original Geometry Count = 0
LAYER M4opci .......... TOTAL Original Geometry Count = 0
LAYER M4_nodummyi ..... TOTAL Original Geometry Count = 0
LAYER M4_res1i ........ TOTAL Original Geometry Count = 0
LAYER M4_pki .......... TOTAL Original Geometry Count = 0
LAYER V5i ............. TOTAL Original Geometry Count = 0
LAYER V5_pki .......... TOTAL Original Geometry Count = 0
LAYER M5slitsi ........ TOTAL Original Geometry Count = 0
LAYER M5i ............. TOTAL Original Geometry Count = 0
LAYER M5Di ............ TOTAL Original Geometry Count = 0
LAYER M5_pini ......... TOTAL Original Geometry Count = 0
LAYER M5_neti ......... TOTAL Original Geometry Count = 0
LAYER M5opci .......... TOTAL Original Geometry Count = 0
LAYER M5_nodummyi ..... TOTAL Original Geometry Count = 0
LAYER M5_res1i ........ TOTAL Original Geometry Count = 0
LAYER M5_pki .......... TOTAL Original Geometry Count = 0
LAYER VTOPi ........... TOTAL Original Geometry Count = 652902
LAYER MET_TOP_opti .... TOTAL Original Geometry Count = 0
LAYER VTOP_pki ........ TOTAL Original Geometry Count = 0
LAYER MTOPslitsi ...... TOTAL Original Geometry Count = 0
LAYER MTOPi ........... TOTAL Original Geometry Count = 8187
LAYER MTDi ............ TOTAL Original Geometry Count = 11243
LAYER MTOP_pini ....... TOTAL Original Geometry Count = 0
LAYER MTOP_neti ....... TOTAL Original Geometry Count = 0
LAYER PROBE_TOPi ...... TOTAL Original Geometry Count = 0
LAYER MT_nodummyi ..... TOTAL Original Geometry Count = 0
LAYER MTOP_res1i ...... TOTAL Original Geometry Count = 0
LAYER MTOP_pki ........ TOTAL Original Geometry Count = 0
LAYER MT_msi .......... TOTAL Original Geometry Count = 0
LAYER MTi ............. TOTAL Original Geometry Count = 0
LAYER MT_lli .......... TOTAL Original Geometry Count = 0
LAYER MT_dyi .......... TOTAL Original Geometry Count = 0
LAYER MT_pini ......... TOTAL Original Geometry Count = 0
LAYER MT_neti ......... TOTAL Original Geometry Count = 0
LAYER MT_lsi .......... TOTAL Original Geometry Count = 0
LAYER MT_oci .......... TOTAL Original Geometry Count = 0
LAYER MT_nyi .......... TOTAL Original Geometry Count = 0
LAYER MT_r1i .......... TOTAL Original Geometry Count = 0
LAYER MT_pki .......... TOTAL Original Geometry Count = 0
LAYER CPHi ............ TOTAL Original Geometry Count = 1
LAYER DEV_seali ....... TOTAL Original Geometry Count = 1
LAYER PADini .......... TOTAL Original Geometry Count = 317
LAYER PADdummyi ....... TOTAL Original Geometry Count = 0
LAYER PAD_drci ........ TOTAL Original Geometry Count = 0
LAYER AREA2i .......... TOTAL Original Geometry Count = 3062
LAYER AREA6i .......... TOTAL Original Geometry Count = 0
LAYER DEV_lli ......... TOTAL Original Geometry Count = 0
LAYER DEV_dioi ........ TOTAL Original Geometry Count = 197
LAYER DEV_padi ........ TOTAL Original Geometry Count = 0
LAYER DEV_bjti ........ TOTAL Original Geometry Count = 0
LAYER DEV_esdi ........ TOTAL Original Geometry Count = 127
LAYER DEV_res1i ....... TOTAL Original Geometry Count = 0
LAYER DEV_cvsi ........ TOTAL Original Geometry Count = 10
LAYER DEV_abitcelli ... TOTAL Original Geometry Count = 0
LAYER DEV_mfci ........ TOTAL Original Geometry Count = 0
LAYER DEV_fxi ......... TOTAL Original Geometry Count = 0
LAYER DEV_lei ......... TOTAL Original Geometry Count = 0
LAYER DEV_scri ........ TOTAL Original Geometry Count = 0
LAYER SPC_cpi ......... TOTAL Original Geometry Count = 0
LAYER SPC_stacki ...... TOTAL Original Geometry Count = 0
LAYER SPC_fei ......... TOTAL Original Geometry Count = 0
LAYER AREA10_shvi ..... TOTAL Original Geometry Count = 0
LAYER MRi ............. TOTAL Original Geometry Count = 1
LAYER NSi ............. TOTAL Original Geometry Count = 1768
LAYER CEi ............. TOTAL Original Geometry Count = 1
LAYER ESD50VT_KTi ..... TOTAL Original Geometry Count = 0
LAYER CNLi ............ TOTAL Original Geometry Count = 0
LAYER CPLi ............ TOTAL Original Geometry Count = 0
LAYER MR2i ............ TOTAL Original Geometry Count = 0
LAYER MT3_msi ......... TOTAL Original Geometry Count = 0
LAYER MT3i ............ TOTAL Original Geometry Count = 0
LAYER MT3_dyi ......... TOTAL Original Geometry Count = 0
LAYER MT3_pini ........ TOTAL Original Geometry Count = 0
LAYER MT3_nyi ......... TOTAL Original Geometry Count = 0
LAYER PRBoundi ........ TOTAL Original Geometry Count = 2511063
LAYER DEV_cap ......... TOTAL Original Geometry Count = 10
LAYER MT3lvs .......... TOTAL Original Geometry Count = 0
LAYER ESDsrc .......... TOTAL Original Geometry Count = 1512
LAYER MTOPopc ......... TOTAL Original Geometry Count = 0
LAYER Sai ............. TOTAL Original Geometry Count = 0
LAYER DEV_t3 .......... TOTAL Original Geometry Count = 0
LAYER AREA10_no_opc ... TOTAL Original Geometry Count = 2
LAYER MT3_pki ......... TOTAL Original Geometry Count = 0
LAYER MT3resi ......... TOTAL Original Geometry Count = 0
LAYER MT3_opci ........ TOTAL Original Geometry Count = 0
LAYER MT3_neti ........ TOTAL Original Geometry Count = 0
LAYER AREA_mim_hc ..... TOTAL Original Geometry Count = 0
LAYER ACTIVE_opc ...... TOTAL Original Geometry Count = 0
LAYER WB_lvsi ......... TOTAL Original Geometry Count = 0
LAYER BAD_mark ........ TOTAL Original Geometry Count = 2
LAYER BAD_P5 .......... TOTAL Original Geometry Count = 0
----------------------------------------------------------------------------------
--- RULECHECK RESULTS STATISTICS
---
RULECHECK P.1 ............... TOTAL Result Count = 0
RULECHECK P.3 ............... TOTAL Result Count = 0
RULECHECK P.4 ............... TOTAL Result Count = 0
RULECHECK P.5 ............... TOTAL Result Count = 0
RULECHECK P.6 ............... TOTAL Result Count = 0
RULECHECK P.7 ............... TOTAL Result Count = 0
RULECHECK LLSUP.W.1 ......... TOTAL Result Count = 0
RULECHECK LLSUP.S.1 ......... TOTAL Result Count = 0
RULECHECK LLSUP.D.1 ......... TOTAL Result Count = 0
RULECHECK LLSUP.D.2 ......... TOTAL Result Count = 0
RULECHECK LLSUP.D.3 ......... TOTAL Result Count = 0
RULECHECK LLSUP.E.1 ......... TOTAL Result Count = 0
RULECHECK LLSUP.X.2 ......... TOTAL Result Count = 0
RULECHECK LLSUP.N.1 ......... TOTAL Result Count = 0
RULECHECK LLSUP.N.2 ......... TOTAL Result Count = 0
RULECHECK LLSUP.A.1 ......... TOTAL Result Count = 0
RULECHECK AA.W.1 ............ TOTAL Result Count = 0
RULECHECK AA.W.2 ............ TOTAL Result Count = 0
RULECHECK AA.S.1 ............ TOTAL Result Count = 0
RULECHECK AA.S.3 ............ TOTAL Result Count = 0
RULECHECK AA.A.1 ............ TOTAL Result Count = 0
RULECHECK AA.A.2 ............ TOTAL Result Count = 0
RULECHECK AA.A.3 ............ TOTAL Result Count = 0
RULECHECK AA.L.1 ............ TOTAL Result Count = 0
RULECHECK AA.N.4 ............ TOTAL Result Count = 0
RULECHECK AA.E.2 ............ TOTAL Result Count = 0
RULECHECK AA.E.3 ............ TOTAL Result Count = 0
RULECHECK AA.D.2 ............ TOTAL Result Count = 0
RULECHECK AA.D.3 ............ TOTAL Result Count = 0
RULECHECK AA.C.1 ............ TOTAL Result Count = 0
RULECHECK AA.C.3 ............ TOTAL Result Count = 0
RULECHECK AA.C.5 ............ TOTAL Result Count = 0
RULECHECK AA.C.8 ............ TOTAL Result Count = 0
RULECHECK AA.C.10 ........... TOTAL Result Count = 0
RULECHECK WN.W.1 ............ TOTAL Result Count = 0
RULECHECK WN.W.3 ............ TOTAL Result Count = 0
RULECHECK WN.S.1 ............ TOTAL Result Count = 0
RULECHECK WN.S.3 ............ TOTAL Result Count = 0
RULECHECK WN.S.2 ............ TOTAL Result Count = 0
RULECHECK WN.S.4 ............ TOTAL Result Count = 0
RULECHECK LA.W.1 ............ TOTAL Result Count = 0
RULECHECK LA.S.1 ............ TOTAL Result Count = 0
RULECHECK LA.E.1 ............ TOTAL Result Count = 0
RULECHECK LA.D.1 ............ TOTAL Result Count = 0
RULECHECK LA.D.2 ............ TOTAL Result Count = 0
RULECHECK LA.X.3 ............ TOTAL Result Count = 0
RULECHECK GC.W.3 ............ TOTAL Result Count = 0
RULECHECK GC.W.4 ............ TOTAL Result Count = 0
RULECHECK GC.W.7 ............ TOTAL Result Count = 0
RULECHECK GC.W.8 ............ TOTAL Result Count = 0
RULECHECK GC.S.2 ............ TOTAL Result Count = 0
RULECHECK GC.S.3 ............ TOTAL Result Count = 0
RULECHECK GC.D.1 ............ TOTAL Result Count = 0
RULECHECK GC.X.1 ............ TOTAL Result Count = 0
RULECHECK GC.X.2 ............ TOTAL Result Count = 0
RULECHECK GC.A.1 ............ TOTAL Result Count = 0
RULECHECK GC.N.2 ............ TOTAL Result Count = 0
RULECHECK GC.N.3 ............ TOTAL Result Count = 0
RULECHECK GC.N.4 ............ TOTAL Result Count = 0
RULECHECK GC.L.1 ............ TOTAL Result Count = 0
RULECHECK GC.C.1 ............ TOTAL Result Count = 0
RULECHECK GC.C.2 ............ TOTAL Result Count = 0
RULECHECK GC.C.4 ............ TOTAL Result Count = 0
RULECHECK GC.C.6 ............ TOTAL Result Count = 0
RULECHECK XN.W.1 ............ TOTAL Result Count = 0
RULECHECK XN.S.1 ............ TOTAL Result Count = 0
RULECHECK XN.E.1 ............ TOTAL Result Count = 0
RULECHECK XN.E.2 ............ TOTAL Result Count = 0
RULECHECK XN.E.9 ............ TOTAL Result Count = 0
RULECHECK XN.D.1 ............ TOTAL Result Count = 0
RULECHECK XN.D.2 ............ TOTAL Result Count = 0
RULECHECK XN.D.9 ............ TOTAL Result Count = 0
RULECHECK XN.D.3 ............ TOTAL Result Count = 0
RULECHECK XN.O.1 ............ TOTAL Result Count = 0
RULECHECK XN.A.1 ............ TOTAL Result Count = 0
RULECHECK XN.N.1 ............ TOTAL Result Count = 0
RULECHECK XP.W.1 ............ TOTAL Result Count = 0
RULECHECK XP.S.1 ............ TOTAL Result Count = 0
RULECHECK XP.E.1 ............ TOTAL Result Count = 0
RULECHECK XP.E.2 ............ TOTAL Result Count = 0
RULECHECK XP.E.9 ............ TOTAL Result Count = 0
RULECHECK XP.D.1 ............ TOTAL Result Count = 0
RULECHECK XP.D.2 ............ TOTAL Result Count = 0
RULECHECK XP.D.3 ............ TOTAL Result Count = 0
RULECHECK XP.D.9 ............ TOTAL Result Count = 0
RULECHECK XP.O.1 ............ TOTAL Result Count = 0
RULECHECK XP.A.1 ............ TOTAL Result Count = 0
RULECHECK NS.W.1 ............ TOTAL Result Count = 0
RULECHECK NS.S.1 ............ TOTAL Result Count = 0
RULECHECK NS.S.1MDP ......... TOTAL Result Count = 0
RULECHECK NS.D.1 ............ TOTAL Result Count = 0
RULECHECK NS.D.2 ............ TOTAL Result Count = 0
RULECHECK NS.D.3 ............ TOTAL Result Count = 0
RULECHECK NS.D.4 ............ TOTAL Result Count = 0
RULECHECK NS.D.5 ............ TOTAL Result Count = 0
RULECHECK NS.X.1 ............ TOTAL Result Count = 0
RULECHECK NS.X.2 ............ TOTAL Result Count = 0
RULECHECK NS.X.3 ............ TOTAL Result Count = 0
RULECHECK NS.A.1 ............ TOTAL Result Count = 0
RULECHECK NS.A.2 ............ TOTAL Result Count = 0
RULECHECK CS.W.1 ............ TOTAL Result Count = 0
RULECHECK CS.S.1 ............ TOTAL Result Count = 0
RULECHECK CS.S.2 ............ TOTAL Result Count = 0
RULECHECK CS.E.1 ............ TOTAL Result Count = 0
RULECHECK CS.E.2 ............ TOTAL Result Count = 0
RULECHECK CS.D.1 ............ TOTAL Result Count = 0
RULECHECK CS.D.3 ............ TOTAL Result Count = 0
RULECHECK CS.X.1 ............ TOTAL Result Count = 0
RULECHECK CS.X.2 ............ TOTAL Result Count = 0
RULECHECK CS.N.1 ............ TOTAL Result Count = 0
RULECHECK CS.N.2 ............ TOTAL Result Count = 0
RULECHECK CS.N.3 ............ TOTAL Result Count = 0
RULECHECK CS.N.5 ............ TOTAL Result Count = 0
RULECHECK M1.W.1 ............ TOTAL Result Count = 0
RULECHECK M1.W.2 ............ TOTAL Result Count = 0
RULECHECK M1.S.1 ............ TOTAL Result Count = 0
RULECHECK M1.S.2 ............ TOTAL Result Count = 0
RULECHECK M1.E.1 ............ TOTAL Result Count = 0
RULECHECK M1.E.2 ............ TOTAL Result Count = 0
RULECHECK M1.E.3 ............ TOTAL Result Count = 0
RULECHECK M1.A.1 ............ TOTAL Result Count = 0
RULECHECK M1.C.1 ............ TOTAL Result Count = 0
RULECHECK M1.C.2 ............ TOTAL Result Count = 0
RULECHECK M1.C.3 ............ TOTAL Result Count = 0
RULECHECK M1.C.4 ............ TOTAL Result Count = 0
RULECHECK M1.C.5 ............ TOTAL Result Count = 0
RULECHECK V2.W.1 ............ TOTAL Result Count = 0
RULECHECK V2.S.1 ............ TOTAL Result Count = 0
RULECHECK V2.E.1 ............ TOTAL Result Count = 0
RULECHECK V2.E.2 ............ TOTAL Result Count = 0
RULECHECK V2.E.3 ............ TOTAL Result Count = 0
RULECHECK M2.W.1 ............ TOTAL Result Count = 0
RULECHECK M2.W.2 ............ TOTAL Result Count = 0
RULECHECK M2.S.1 ............ TOTAL Result Count = 0
RULECHECK M2.S.2 ............ TOTAL Result Count = 0
RULECHECK M2.E.1 ............ TOTAL Result Count = 0
RULECHECK M2.E.2 ............ TOTAL Result Count = 0
RULECHECK M2.E.3 ............ TOTAL Result Count = 0
RULECHECK M2.A.1 ............ TOTAL Result Count = 0
RULECHECK M2.C.1 ............ TOTAL Result Count = 0
RULECHECK M2.C.2 ............ TOTAL Result Count = 0
RULECHECK M2.C.3 ............ TOTAL Result Count = 0
RULECHECK M2.C.4 ............ TOTAL Result Count = 0
RULECHECK V3.W.1 ............ TOTAL Result Count = 0
RULECHECK V3.S.1 ............ TOTAL Result Count = 0
RULECHECK V3.E.1 ............ TOTAL Result Count = 0
RULECHECK V3.E.2 ............ TOTAL Result Count = 0
RULECHECK V3.E.3 ............ TOTAL Result Count = 0
RULECHECK M3.W.1 ............ TOTAL Result Count = 0
RULECHECK M3.W.2 ............ TOTAL Result Count = 0
RULECHECK M3.S.1 ............ TOTAL Result Count = 0
RULECHECK M3.S.2 ............ TOTAL Result Count = 0
RULECHECK M3.E.1 ............ TOTAL Result Count = 0
RULECHECK M3.E.2 ............ TOTAL Result Count = 0
RULECHECK M3.E.3 ............ TOTAL Result Count = 0
RULECHECK M3.A.1 ............ TOTAL Result Count = 0
RULECHECK M3.C.1 ............ TOTAL Result Count = 0
RULECHECK M3.C.2 ............ TOTAL Result Count = 0
RULECHECK M3.C.3 ............ TOTAL Result Count = 0
RULECHECK M3.C.4 ............ TOTAL Result Count = 0
RULECHECK VL.W.1 ............ TOTAL Result Count = 0
RULECHECK VL.S.1 ............ TOTAL Result Count = 0
RULECHECK VL.E.1 ............ TOTAL Result Count = 0
RULECHECK VL.E.2 ............ TOTAL Result Count = 0
RULECHECK VL.E.3 ............ TOTAL Result Count = 0
RULECHECK ML.W.1 ............ TOTAL Result Count = 0
RULECHECK ML.W.2 ............ TOTAL Result Count = 0
RULECHECK ML.S.1 ............ TOTAL Result Count = 0
RULECHECK ML.S.2 ............ TOTAL Result Count = 0
RULECHECK ML.E.1 ............ TOTAL Result Count = 0
RULECHECK ML.A.1 ............ TOTAL Result Count = 0
RULECHECK ML.C.1 ............ TOTAL Result Count = 0
RULECHECK ML.C.2 ............ TOTAL Result Count = 0
RULECHECK ML.C.4 ............ TOTAL Result Count = 0
RULECHECK WB.W.1 ............ TOTAL Result Count = 0
RULECHECK WB.S.1 ............ TOTAL Result Count = 0
RULECHECK WB.E.1 ............ TOTAL Result Count = 0
RULECHECK WB.O.1 ............ TOTAL Result Count = 0
RULECHECK WB.D.1 ............ TOTAL Result Count = 0
RULECHECK WB.D.2 ............ TOTAL Result Count = 0
RULECHECK WB.D.3 ............ TOTAL Result Count = 0
RULECHECK WB.D.4 ............ TOTAL Result Count = 0
RULECHECK WB.N.1 ............ TOTAL Result Count = 0
RULECHECK WB.N.9 ............ TOTAL Result Count = 0
RULECHECK WB.N.11 ........... TOTAL Result Count = 0
RULECHECK WB.N.12 ........... TOTAL Result Count = 0
RULECHECK VNN.W.1 ........... TOTAL Result Count = 0
RULECHECK VNN.S.1 ........... TOTAL Result Count = 0
RULECHECK VNN.W.2 ........... TOTAL Result Count = 0
RULECHECK VNN.W.3 ........... TOTAL Result Count = 0
RULECHECK VNN.W.4 ........... TOTAL Result Count = 0
RULECHECK VNN.E.1 ........... TOTAL Result Count = 0
RULECHECK VNN.D.1 ........... TOTAL Result Count = 0
RULECHECK VNN.D.2 ........... TOTAL Result Count = 0
RULECHECK VNN.X.1 ........... TOTAL Result Count = 0
RULECHECK VNN.N.1 ........... TOTAL Result Count = 0
RULECHECK VNN.N.2 ........... TOTAL Result Count = 0
RULECHECK VNN.N.3 ........... TOTAL Result Count = 0
RULECHECK CNH.W.1 ........... TOTAL Result Count = 0
RULECHECK CNH.S.1 ........... TOTAL Result Count = 0
RULECHECK CNH.W.2 ........... TOTAL Result Count = 0
RULECHECK CNH.X.1 ........... TOTAL Result Count = 0
RULECHECK CNH.D.1 ........... TOTAL Result Count = 0
RULECHECK CNH.D.2 ........... TOTAL Result Count = 0
RULECHECK CNH.X.2 ........... TOTAL Result Count = 0
RULECHECK CNH.N.1 ........... TOTAL Result Count = 0
RULECHECK CNH.N.2 ........... TOTAL Result Count = 0
RULECHECK CPH.W.1 ........... TOTAL Result Count = 0
RULECHECK CPH.S.1 ........... TOTAL Result Count = 0
RULECHECK CPH.W.2 ........... TOTAL Result Count = 0
RULECHECK CPH.X.1 ........... TOTAL Result Count = 0
RULECHECK CPH.D.1 ........... TOTAL Result Count = 0
RULECHECK CPH.D.2 ........... TOTAL Result Count = 0
RULECHECK CPH.X.2 ........... TOTAL Result Count = 0
RULECHECK CPH.N.1 ........... TOTAL Result Count = 0
RULECHECK CPH.N.2 ........... TOTAL Result Count = 0
RULECHECK CNL.W.1 ........... TOTAL Result Count = 0
RULECHECK CNL.S.1 ........... TOTAL Result Count = 0
RULECHECK CNL.W.2 ........... TOTAL Result Count = 0
RULECHECK CNL.X.1 ........... TOTAL Result Count = 0
RULECHECK CNL.D.1 ........... TOTAL Result Count = 0
RULECHECK CNL.D.2 ........... TOTAL Result Count = 0
RULECHECK CNL.X.2 ........... TOTAL Result Count = 0
RULECHECK CNL.N.1 ........... TOTAL Result Count = 0
RULECHECK CNL.N.2 ........... TOTAL Result Count = 0
RULECHECK CPL.W.1 ........... TOTAL Result Count = 0
RULECHECK CPL.W.2 ........... TOTAL Result Count = 0
RULECHECK CPL.S.1 ........... TOTAL Result Count = 0
RULECHECK CPL.D.1 ........... TOTAL Result Count = 0
RULECHECK CPL.D.2 ........... TOTAL Result Count = 0
RULECHECK CPL.X.1 ........... TOTAL Result Count = 0
RULECHECK CPL.X.2 ........... TOTAL Result Count = 0
RULECHECK CPL.N.1 ........... TOTAL Result Count = 0
RULECHECK CPL.N.2 ........... TOTAL Result Count = 0
RULECHECK RES.E.1 ........... TOTAL Result Count = 0
RULECHECK RES.E.2 ........... TOTAL Result Count = 0
RULECHECK RES.E.3 ........... TOTAL Result Count = 0
RULECHECK RES.D.1 ........... TOTAL Result Count = 0
RULECHECK RES.D.2 ........... TOTAL Result Count = 0
RULECHECK RES.D.3 ........... TOTAL Result Count = 0
RULECHECK RES.N.1 ........... TOTAL Result Count = 0
RULECHECK MR.W.1 ............ TOTAL Result Count = 0
RULECHECK MR.S.1 ............ TOTAL Result Count = 0
RULECHECK MR.D.2 ............ TOTAL Result Count = 0
RULECHECK MR.D.6 ............ TOTAL Result Count = 0
RULECHECK MR.D.3 ............ TOTAL Result Count = 0
RULECHECK MR.D.4 ............ TOTAL Result Count = 0
RULECHECK MR.E.3 ............ TOTAL Result Count = 0
RULECHECK MR.N.4 ............ TOTAL Result Count = 0
RULECHECK MR.N.5 ............ TOTAL Result Count = 0
RULECHECK MR.A.1 ............ TOTAL Result Count = 0
RULECHECK MR.O.1 ............ TOTAL Result Count = 0
RULECHECK MR.D.5 ............ TOTAL Result Count = 0
RULECHECK MR.N.3 ............ TOTAL Result Count = 0
RULECHECK MR.X.1 ............ TOTAL Result Count = 0
RULECHECK MR.S.2 ............ TOTAL Result Count = 0
RULECHECK MR.N.92 ........... TOTAL Result Count = 0
RULECHECK NPR.D.1 ........... TOTAL Result Count = 0
RULECHECK NPR.E.1 ........... TOTAL Result Count = 0
RULECHECK PPR.D.1 ........... TOTAL Result Count = 0
RULECHECK PPR.E.1 ........... TOTAL Result Count = 0
RULECHECK NAR.N.1 ........... TOTAL Result Count = 0
RULECHECK PAR.N.1 ........... TOTAL Result Count = 0
RULECHECK WNSR.E.1 .......... TOTAL Result Count = 0
RULECHECK WNSR.N.1 .......... TOTAL Result Count = 0
RULECHECK WNSR.N.9 .......... TOTAL Result Count = 0
RULECHECK WNAR.X.1 .......... TOTAL Result Count = 0
RULECHECK WNAR.E.1 .......... TOTAL Result Count = 0
RULECHECK WNAR.D.3 .......... TOTAL Result Count = 0
RULECHECK WNAR.E.3 .......... TOTAL Result Count = 0
RULECHECK WNAR.D.1 .......... TOTAL Result Count = 0
RULECHECK WNAR.E.2 .......... TOTAL Result Count = 0
RULECHECK WNAR.N.1 .......... TOTAL Result Count = 0
RULECHECK WNAR.D.2 .......... TOTAL Result Count = 0
RULECHECK NSDN.O.1 .......... TOTAL Result Count = 0
RULECHECK NSDP.O.1 .......... TOTAL Result Count = 0
RULECHECK MOSCAP.N.4 ........ TOTAL Result Count = 0
RULECHECK MOSCAP.N.5 ........ TOTAL Result Count = 0
RULECHECK MOSCAP.N.6 ........ TOTAL Result Count = 0
RULECHECK MOSCAP.N.7 ........ TOTAL Result Count = 0
RULECHECK MOSCAP.N.8 ........ TOTAL Result Count = 0
RULECHECK MIM.N.1 ........... TOTAL Result Count = 0
RULECHECK MIM.N.2.area10 .... TOTAL Result Count = 0
RULECHECK MIM.N.2.SPC ....... TOTAL Result Count = 0
RULECHECK MIM.N.3 ........... TOTAL Result Count = 0
RULECHECK MIM.D.1 ........... TOTAL Result Count = 0
RULECHECK MIM.W.2 ........... TOTAL Result Count = 0
RULECHECK MIM.W.3 ........... TOTAL Result Count = 0
RULECHECK MIM.W.6 ........... TOTAL Result Count = 0
RULECHECK MIM.S.1 ........... TOTAL Result Count = 0
RULECHECK MIM.S.2 ........... TOTAL Result Count = 0
RULECHECK MIM.S.3 ........... TOTAL Result Count = 0
RULECHECK MIM.S.5 ........... TOTAL Result Count = 0
RULECHECK MIM.E.1 ........... TOTAL Result Count = 0
RULECHECK MIM.E.2 ........... TOTAL Result Count = 0
RULECHECK MIM.E.3 ........... TOTAL Result Count = 0
RULECHECK MIM.E.4 ........... TOTAL Result Count = 0
RULECHECK MIM.D.2 ........... TOTAL Result Count = 0
RULECHECK MIM.D.3 ........... TOTAL Result Count = 0
RULECHECK MIM.C.1 ........... TOTAL Result Count = 0
RULECHECK MIM.C.2 ........... TOTAL Result Count = 0
RULECHECK MIM.C.3 ........... TOTAL Result Count = 0
RULECHECK MIM.C.4 ........... TOTAL Result Count = 0
RULECHECK MIM.A.1 ........... TOTAL Result Count = 0
RULECHECK MIM.N.5 ........... TOTAL Result Count = 0
RULECHECK MIM.N.6 ........... TOTAL Result Count = 0
RULECHECK MIM.N.7 ........... TOTAL Result Count = 0
RULECHECK MIM.N.11 .......... TOTAL Result Count = 0
RULECHECK MIM.N.12 .......... TOTAL Result Count = 0
RULECHECK MIM.N.13 .......... TOTAL Result Count = 0
RULECHECK MIM.N.14 .......... TOTAL Result Count = 0
RULECHECK MFC.W.1 ........... TOTAL Result Count = 0
RULECHECK MFC.W.2 ........... TOTAL Result Count = 0
RULECHECK MFC.S.1 ........... TOTAL Result Count = 0
RULECHECK MFC.S.2 ........... TOTAL Result Count = 0
RULECHECK MFC.S.3 ........... TOTAL Result Count = 0
RULECHECK MFC.S.4 ........... TOTAL Result Count = 0
RULECHECK MFC.S.5 ........... TOTAL Result Count = 0
RULECHECK MFC.E.1 ........... TOTAL Result Count = 0
RULECHECK MFC.D.1 ........... TOTAL Result Count = 0
RULECHECK MFC.L.1 ........... TOTAL Result Count = 0
RULECHECK MFC.N.1 ........... TOTAL Result Count = 0
RULECHECK MFC.N.2 ........... TOTAL Result Count = 0
RULECHECK MFC.N.3 ........... TOTAL Result Count = 0
RULECHECK MFC.N.4 ........... TOTAL Result Count = 0
RULECHECK MFC.N.6 ........... TOTAL Result Count = 0
RULECHECK MFC.N.7 ........... TOTAL Result Count = 0
RULECHECK MFC.N.8 ........... TOTAL Result Count = 0
RULECHECK MFC.N.9 ........... TOTAL Result Count = 0
RULECHECK EPF.W.1 ........... TOTAL Result Count = 0
RULECHECK EPF.L.1 ........... TOTAL Result Count = 0
RULECHECK EPF.D.1 ........... TOTAL Result Count = 0
RULECHECK EPF.D.2 ........... TOTAL Result Count = 0
RULECHECK EPF.N.1 ........... TOTAL Result Count = 0
RULECHECK EPF.N.3 ........... TOTAL Result Count = 0
RULECHECK EPF.N.2 ........... TOTAL Result Count = 0
RULECHECK BJT.W.1 ........... TOTAL Result Count = 0
RULECHECK BJT.N.2 ........... TOTAL Result Count = 0
RULECHECK BJT.N.3 ........... TOTAL Result Count = 0
RULECHECK BJT.N.4 ........... TOTAL Result Count = 0
RULECHECK DAA.W.1 ........... TOTAL Result Count = 0
RULECHECK DAA.S.1 ........... TOTAL Result Count = 0
RULECHECK DAA.E.1 ........... TOTAL Result Count = 0
RULECHECK DAA.D.1 ........... TOTAL Result Count = 0
RULECHECK DAA.D.2 ........... TOTAL Result Count = 0
RULECHECK DAA.D.3 ........... TOTAL Result Count = 0
RULECHECK DAA.D.4 ........... TOTAL Result Count = 0
RULECHECK DAA.D.5 ........... TOTAL Result Count = 0
RULECHECK DAA.A.1 ........... TOTAL Result Count = 0
RULECHECK DAA.N.1 ........... TOTAL Result Count = 0
RULECHECK DAA.N.3 ........... TOTAL Result Count = 0
RULECHECK DGC.W.1 ........... TOTAL Result Count = 0
RULECHECK DGC.S.1 ........... TOTAL Result Count = 0
RULECHECK DGC.D.1 ........... TOTAL Result Count = 0
RULECHECK DGC.D.2 ........... TOTAL Result Count = 0
RULECHECK DGC.D.3 ........... TOTAL Result Count = 0
RULECHECK DGC.D.4 ........... TOTAL Result Count = 0
RULECHECK DGC.D.7 ........... TOTAL Result Count = 0
RULECHECK DGC.N.1 ........... TOTAL Result Count = 0
RULECHECK DGC.N.2 ........... TOTAL Result Count = 0
RULECHECK DM.W.6 ............ TOTAL Result Count = 0
RULECHECK DM.S.1 ............ TOTAL Result Count = 0
RULECHECK DM.D.1 ............ TOTAL Result Count = 0
RULECHECK DM.D.2 ............ TOTAL Result Count = 0
RULECHECK DM.D.3 ............ TOTAL Result Count = 0
RULECHECK DM.D.6 ............ TOTAL Result Count = 0
RULECHECK DM.D.10 ........... TOTAL Result Count = 0
RULECHECK DM.W.1 ............ TOTAL Result Count = 0
RULECHECK DM.D.9 ............ TOTAL Result Count = 0
RULECHECK DM.D.12 ........... TOTAL Result Count = 0
RULECHECK MS.W.1 ............ TOTAL Result Count = 0
RULECHECK MS.W.2 ............ TOTAL Result Count = 0
RULECHECK MS.W.4 ............ TOTAL Result Count = 0
RULECHECK MS.S.1 ............ TOTAL Result Count = 0
RULECHECK MS.E.1 ............ TOTAL Result Count = 0
RULECHECK MS.D.1 ............ TOTAL Result Count = 0
RULECHECK MS.N.1 ............ TOTAL Result Count = 0
RULECHECK IMS.N.1 ........... TOTAL Result Count = 0
RULECHECK MS.N.3 ............ TOTAL Result Count = 0
RULECHECK MS.N.6 ............ TOTAL Result Count = 0
RULECHECK PD.N.1 ............ TOTAL Result Count = 0
RULECHECK PD.N.2 ............ TOTAL Result Count = 0
RULECHECK PD.C.2 ............ TOTAL Result Count = 0
RULECHECK PD.E.1 ............ TOTAL Result Count = 0
RULECHECK PD.D.1 ............ TOTAL Result Count = 0
RULECHECK PD.S.2.V2 ......... TOTAL Result Count = 0
RULECHECK PD.S.2.V3 ......... TOTAL Result Count = 0
RULECHECK PD.S.3.VL ......... TOTAL Result Count = 0
RULECHECK PD.D.2 ............ TOTAL Result Count = 0
RULECHECK PD.D.3 ............ TOTAL Result Count = 0
RULECHECK PD.C.1 ............ TOTAL Result Count = 0
RULECHECK PD1.W.1 ........... TOTAL Result Count = 0
RULECHECK PD1.S.1 ........... TOTAL Result Count = 0
RULECHECK PD1.E.1 ........... TOTAL Result Count = 0
RULECHECK PD2.E.1 ........... TOTAL Result Count = 0
RULECHECK PD2.W.1 ........... TOTAL Result Count = 0
RULECHECK PD2.S.1 ........... TOTAL Result Count = 0
RULECHECK PD2.W.2 ........... TOTAL Result Count = 0
RULECHECK DPD.N.1 ........... TOTAL Result Count = 0
RULECHECK DPD.N.2 ........... TOTAL Result Count = 0
RULECHECK DPD.N.3 ........... TOTAL Result Count = 0
RULECHECK DPD.W.2 ........... TOTAL Result Count = 0
RULECHECK DPD.S.1 ........... TOTAL Result Count = 0
RULECHECK DPD.D.1 ........... TOTAL Result Count = 0
RULECHECK DPD.S.2 ........... TOTAL Result Count = 0
RULECHECK DPD.S.3 ........... TOTAL Result Count = 0
RULECHECK DPD.D.2 ........... TOTAL Result Count = 0
RULECHECK DPD.D.3 ........... TOTAL Result Count = 0
RULECHECK DPD.X.1 ........... TOTAL Result Count = 0
RULECHECK DPD.D.4 ........... TOTAL Result Count = 0
RULECHECK DPD.D.5 ........... TOTAL Result Count = 0
RULECHECK DPD.E.1 ........... TOTAL Result Count = 0
RULECHECK DPD.E.2 ........... TOTAL Result Count = 0
RULECHECK SR.W.1 ............ TOTAL Result Count = 0
RULECHECK SR.W.2 ............ TOTAL Result Count = 0
RULECHECK SR.W.3 ............ TOTAL Result Count = 0
RULECHECK SR.W.4 ............ TOTAL Result Count = 0
RULECHECK SR.W.5 ............ TOTAL Result Count = 0
RULECHECK SR.W.6 ............ TOTAL Result Count = 0
RULECHECK SR.W.7 ............ TOTAL Result Count = 0
RULECHECK SR.S.1 ............ TOTAL Result Count = 0
RULECHECK SR.S.2 ............ TOTAL Result Count = 0
RULECHECK SR.S.3 ............ TOTAL Result Count = 0
RULECHECK SR.D.1.GC ......... TOTAL Result Count = 0
RULECHECK SR.D.1.M1 ......... TOTAL Result Count = 0
RULECHECK SR.D.1.M2 ......... TOTAL Result Count = 0
RULECHECK SR.D.1.M3 ......... TOTAL Result Count = 0
RULECHECK SR.D.1.M4 ......... TOTAL Result Count = 0
RULECHECK SR.D.1.M5 ......... TOTAL Result Count = 0
RULECHECK SR.D.1.MTOP ....... TOTAL Result Count = 0
RULECHECK SR.D.1.MT ......... TOTAL Result Count = 0
RULECHECK SR.D.1.MT3 ........ TOTAL Result Count = 0
RULECHECK SR.E.1 ............ TOTAL Result Count = 0
RULECHECK SR.E.2 ............ TOTAL Result Count = 0
RULECHECK SR.E.3 ............ TOTAL Result Count = 0
RULECHECK SR.E.4 ............ TOTAL Result Count = 0
RULECHECK SR.E.5 ............ TOTAL Result Count = 0
RULECHECK SR.E.6 ............ TOTAL Result Count = 0
RULECHECK SR.O.1 ............ TOTAL Result Count = 0
RULECHECK SR.N.1.dev_seal ... TOTAL Result Count = 0
RULECHECK SR.N.1.CS ......... TOTAL Result Count = 0
RULECHECK SR.N.1.M1 ......... TOTAL Result Count = 0
RULECHECK SR.N.1.M2 ......... TOTAL Result Count = 0
RULECHECK SR.N.1.M3 ......... TOTAL Result Count = 0
RULECHECK SR.N.1.ML ......... TOTAL Result Count = 0
RULECHECK SR.N.1.V2 ......... TOTAL Result Count = 0
RULECHECK SR.N.1.V3 ......... TOTAL Result Count = 0
RULECHECK SR.N.1.VL ......... TOTAL Result Count = 0
RULECHECK SR.N.1.PAD ........ TOTAL Result Count = 0
RULECHECK SR.N.2 ............ TOTAL Result Count = 0
RULECHECK EX.A.1 ............ TOTAL Result Count = 0
RULECHECK EX.N.2.WN ......... TOTAL Result Count = 0
RULECHECK EX.N.2.AA ......... TOTAL Result Count = 0
RULECHECK EX.N.2.GC ......... TOTAL Result Count = 0
RULECHECK EX.N.2.M1 ......... TOTAL Result Count = 0
RULECHECK EX.N.2.M2 ......... TOTAL Result Count = 0
RULECHECK EX.N.2.M3 ......... TOTAL Result Count = 0
RULECHECK EX.N.2.M4 ......... TOTAL Result Count = 0
RULECHECK EX.N.2.M5 ......... TOTAL Result Count = 0
RULECHECK EX.N.2.TOP_M ...... TOTAL Result Count = 0
RULECHECK EX.N.2.MT ......... TOTAL Result Count = 0
RULECHECK EX.D.1 ............ TOTAL Result Count = 0
RULECHECK LU0 ............... TOTAL Result Count = 0
----------------------------------------------------------------------------------
--- SUMMARY
---
TOTAL CPU Time:                  355
TOTAL REAL Time:                 358
TOTAL Original Layer Geometries: 6722883
TOTAL DRC RuleChecks Executed:   463
TOTAL DRC Results Generated:     0
